// Jest Snapshot v1, https://goo.gl/fbAQLP

exports[`PlacesList should render a <PlaceList /> 1`] = `
<ol
  type="A"
>
  <li
    key="ChIJZ5XfV10GhYARDh2gyITiZGw"
  >
    <p>
      Cadet Wine & Beer Bar
    </p>
    <Rating
      id="ChIJZ5XfV10GhYARDh2gyITiZGw"
      rating={4.5}
    />
  </li>
</ol>
`;
